10783 distinct variant fingerprints; scanning 3 captures

=== JWE3_2026.08.01_03.43_frame13838.rdc (1.30 GB) ===
  8 confirmed blocks, 124 distinct (seed,complexity) so far

=== JWE3_2026.08.01_03.43_frame15104.rdc (1.29 GB) ===
  12 confirmed blocks, 124 distinct (seed,complexity) so far

=== JWE3_2026.08.01_03.43_frame8298.rdc (1.06 GB) ===
  1 confirmed blocks, 124 distinct (seed,complexity) so far

========================================================================
124 distinct (seed, complexity) pairs (0 new this run)  ->  C:\Users\shado\AppData\Local\JWE3VariantTools\gradient_coefficients.json
(the shipped variants use 720 pairs in total)
  seed   3 cplx 3  off(104, 239, 396) amp(173, 222, 128) freq(204, 51, 204) pha(397, 395, 0)
  seed   5 cplx 1  off(304, 255, 402) amp(254, 181, 144) freq(102, 102, 51) pha(434, 438, 495)
  seed   5 cplx 2  off(304, 255, 402) amp(254, 181, 144) freq(153, 153, 51) pha(434, 438, 495)
  seed   5 cplx 5  off(304, 255, 402) amp(254, 181, 144) freq(307, 307, 51) pha(434, 438, 495)
  seed   6 cplx 1  off(114, 409, 124) amp(170, 131, 227) freq(102, 51, 51) pha(159, 9, 504)
  seed   6 cplx 4  off(114, 409, 124) amp(170, 131, 227) freq(256, 51, 51) pha(159, 9, 504)
  seed   7 cplx 2  off(262, 140, 134) amp(255, 130, 234) freq(51, 51, 51) pha(43, 369, 121)
  seed   9 cplx 10  off(104, 256, 408) amp(181, 211, 167) freq(51, 511, 511) pha(256, 192, 482)
  seed  10 cplx 0  off(256, 360, 341) amp(148, 129, 139) freq(51, 51, 51) pha(411, 381, 509)
  seed  11 cplx 1  off(305, 348, 133) amp(161, 252, 239) freq(51, 51, 102) pha(446, 19, 205)
  seed  13 cplx 6  off(262, 250, 405) amp(222, 242, 230) freq(358, 51, 358) pha(18, 239, 384)
  seed  13 cplx 10  off(262, 250, 405) amp(222, 242, 230) freq(511, 51, 511) pha(18, 239, 384)
  seed  14 cplx 1  off(239, 239, 231) amp(185, 128, 239) freq(102, 102, 102) pha(448, 2, 511)
  seed  17 cplx 1  off(409, 389, 393) amp(250, 201, 240) freq(51, 102, 102) pha(2, 397, 2)
  seed  18 cplx 2  off(140, 396, 242) amp(252, 128, 144) freq(51, 51, 153) pha(510, 423, 189)
  seed  20 cplx 1  off(256, 251, 258) amp(135, 254, 128) freq(102, 51, 51) pha(41, 159, 246)
  seed  21 cplx 10  off(360, 402, 237) amp(138, 237, 255) freq(511, 51, 51) pha(0, 43, 12)
  seed  22 cplx 1  off(348, 124, 377) amp(226, 130, 180) freq(102, 51, 51) pha(132, 446, 17)
  seed  24 cplx 1  off(250, 182, 256) amp(222, 213, 128) freq(51, 102, 102) pha(26, 411, 28)
  seed  25 cplx 2  off(239, 408, 405) amp(147, 176, 161) freq(153, 51, 153) pha(321, 446, 4)
